
 RUN  v4.0.7 /private/tmp/fluid-overlays-core-astra-review/packages/core

[baseline-browser-mapping] The data in this module is over two months old.  To ensure accurate Baseline data, please update: `npm i baseline-browser-mapping@latest -D`
 ✓ |chromium| tests/fluid-motion/overlay-motion.browser.test.ts (12 tests) 8831ms
   ✓ close then open are choreographed live on one timeline; completion exactly once each; no spring, copies or leases left  1081ms
   ✓ a refused close claims and completes nothing; a reopen during dismissal cancels the old obligation without dispatch  817ms
   ✓ W-C3: during choreographed open/close the primitive keeps focus, inertness and scroll-lock authority (visuals only are claimed)  1366ms
   ✓ C2 explicit entry: transition() prepares BEFORE the commit — a page source the commit removes is still captured and exits as a copy  367ms
   ✓ C2 epoch: a pending explicit plan applies only to its own epoch; a stale one is discarded (nothing acquired) and the default plan runs  367ms
   ✓ C5: a REFUSED explicit transition overlapping a running open leaves that run progressing untouched (same copy, leases, tracks, obligation)  1066ms
   ✓ C2 explicit open: the shared source is captured before the commit removes it; the flight departs from its pre-commit geometry  933ms
   ✓ destination-phase ambiguity is decided before any destination is suppressed (no acquire-then-rollback)  799ms
   ✓ U2 nested combined dismissal: one parent plan staggers the live child and the parent on one timeline; the child joins (no spring), both complete once; authority stays with the primitives  1084ms
   ✓ phase boundary (default plan): sources resolve at the claim, AFTER the accepted change rendered — a source the same action removed is diagnosed missingSource (no false pre-commit flight); the open still completes once  799ms
 ✓ |chromium| tests/fluid-motion/overlay-identity.browser.test.ts (6 tests) 10ms
stdout | tests/fluid-motion/s1-transform-regressions.browser.test.ts > review: outgoing slide retains the ancestor scale in viewport displacement
[review ancestor scale] {
  "actualDX": 22.720001220703125,
  "at": [
    333.2799987792969,
    240,
  ],
  "expectedDX": 22.72,
  "later": [
    356,
    240,
  ],
}
stdout | tests/fluid-motion/s1-transform-regressions.browser.test.ts > review: outgoing slide retains the ancestor rotation in viewport displacement
[review ancestor rotate] {
  "at": [
    380,
    166.63999938964844,
  ],
  "dx": 0,
  "dy": 11.360000610351562,
  "later": [
    380,
    178,
  ],
}
stdout | tests/fluid-motion/s1-transform-regressions.browser.test.ts > review: noncentral scale origin preserves its trajectory after removal
[review origin] {
  "at": {
    "bottom": 131.67999267578125,
    "height": 31.67999267578125,
    "left": 100,
    "right": 179.1999969482422,
    "top": 100,
    "width": 79.19999694824219,
    "x": 100,
    "y": 100,
  },
  "later": {
    "bottom": 126,
    "height": 26,
    "left": 100,
    "right": 165,
    "top": 100,
    "width": 65,
    "x": 100,
    "y": 100,
  },
}
stdout | tests/fluid-motion/s1-transform-regressions.browser.test.ts > review: successor scale resolves stylesheet stable value while older lease is live
[review stable fallback] {
  "diag": [
    {
      "continuity": "static",
      "participant": "x",
      "provider": "projection",
      "transaction": 1,
      "type": "representation",
    },
    {
      "cached": 0,
      "elements": 1,
      "outcome": "ready",
      "projected": 1,
      "readinessPending": 0,
      "slices": 1,
      "transaction": 1,
      "type": "preparation",
      "waitedMs": 0,
      "workMs": 0.3,
    },
    {
      "at": 0,
      "skipped": [],
      "transaction": 1,
      "type": "prepared",
    },
    {
      "t": 500,
      "transaction": 1,
      "type": "cue",
    },
    {
      "continuity": "static",
      "participant": "x",
      "provider": "projection",
      "transaction": 2,
      "type": "representation",
    },
    {
      "cached": 0,
      "elements": 1,
      "outcome": "ready",
      "projected": 1,
      "readinessPending": 0,
      "slices": 1,
      "transaction": 2,
      "type": "preparation",
      "waitedMs": 0,
      "workMs": 0.3,
    },
    {
      "participant": "*",
      "reason": "adoptedFromEarlierRun",
      "transaction": 2,
      "type": "unsupported",
    },
    {
      "at": 500,
      "skipped": [],
      "transaction": 2,
      "type": "prepared",
    },
    {
      "t": 500,
      "transaction": 2,
      "type": "cue",
    },
  ],
  "expected": 1.001,
  "scale": "1.001",
}
 ✓ |chromium| tests/fluid-motion/s1-transform-regressions.browser.test.ts (6 tests) 9ms
 ✓ |webkit| tests/fluid-motion/overlay-motion.browser.test.ts (12 tests) 8856ms
   ✓ close then open are choreographed live on one timeline; completion exactly once each; no spring, copies or leases left  1072ms
   ✓ a refused close claims and completes nothing; a reopen during dismissal cancels the old obligation without dispatch  815ms
   ✓ W-C3: during choreographed open/close the primitive keeps focus, inertness and scroll-lock authority (visuals only are claimed)  1384ms
   ✓ C2 explicit entry: transition() prepares BEFORE the commit — a page source the commit removes is still captured and exits as a copy  366ms
   ✓ C2 epoch: a pending explicit plan applies only to its own epoch; a stale one is discarded (nothing acquired) and the default plan runs  366ms
   ✓ C5: a REFUSED explicit transition overlapping a running open leaves that run progressing untouched (same copy, leases, tracks, obligation)  1085ms
   ✓ C2 explicit open: the shared source is captured before the commit removes it; the flight departs from its pre-commit geometry  932ms
   ✓ destination-phase ambiguity is decided before any destination is suppressed (no acquire-then-rollback)  800ms
   ✓ U2 nested combined dismissal: one parent plan staggers the live child and the parent on one timeline; the child joins (no spring), both complete once; authority stays with the primitives  1083ms
   ✓ phase boundary (default plan): sources resolve at the claim, AFTER the accepted change rendered — a source the same action removed is diagnosed missingSource (no false pre-commit flight); the open still completes once  800ms
 ✓ |webkit| tests/fluid-motion/overlay-identity.browser.test.ts (6 tests) 14ms
stdout | tests/fluid-motion/s1-transform-regressions.browser.test.ts > review: outgoing slide retains the ancestor scale in viewport displacement
[review ancestor scale] {
  "actualDX": 22.720001220703125,
  "at": [
    333.2799987792969,
    240,
  ],
  "expectedDX": 22.72,
  "later": [
    356,
    240,
  ],
}
stdout | tests/fluid-motion/s1-transform-regressions.browser.test.ts > review: outgoing slide retains the ancestor rotation in viewport displacement
[review ancestor rotate] {
  "at": [
    380,
    166.63999938964844,
  ],
  "dx": 0,
  "dy": 11.360000610351562,
  "later": [
    380,
    178,
  ],
}
stdout | tests/fluid-motion/s1-transform-regressions.browser.test.ts > review: noncentral scale origin preserves its trajectory after removal
[review origin] {
  "at": {
    "bottom": 131.67999267578125,
    "height": 31.67999267578125,
    "left": 100,
    "right": 179.1999969482422,
    "top": 100,
    "width": 79.19999694824219,
    "x": 100,
    "y": 100,
  },
  "later": {
    "bottom": 126,
    "height": 26,
    "left": 100,
    "right": 165,
    "top": 100,
    "width": 65,
    "x": 100,
    "y": 100,
  },
}
stdout | tests/fluid-motion/s1-transform-regressions.browser.test.ts > review: successor scale resolves stylesheet stable value while older lease is live
[review stable fallback] {
  "diag": [
    {
      "continuity": "static",
      "participant": "x",
      "provider": "projection",
      "transaction": 1,
      "type": "representation",
    },
    {
      "cached": 0,
      "elements": 1,
      "outcome": "ready",
      "projected": 1,
      "readinessPending": 0,
      "slices": 1,
      "transaction": 1,
      "type": "preparation",
      "waitedMs": 0,
      "workMs": 1,
    },
    {
      "at": 0,
      "skipped": [],
      "transaction": 1,
      "type": "prepared",
    },
    {
      "t": 500,
      "transaction": 1,
      "type": "cue",
    },
    {
      "continuity": "static",
      "participant": "x",
      "provider": "projection",
      "transaction": 2,
      "type": "representation",
    },
    {
      "cached": 0,
      "elements": 1,
      "outcome": "ready",
      "projected": 1,
      "readinessPending": 0,
      "slices": 1,
      "transaction": 2,
      "type": "preparation",
      "waitedMs": 0,
      "workMs": 0,
    },
    {
      "participant": "*",
      "reason": "adoptedFromEarlierRun",
      "transaction": 2,
      "type": "unsupported",
    },
    {
      "at": 500,
      "skipped": [],
      "transaction": 2,
      "type": "prepared",
    },
    {
      "t": 500,
      "transaction": 2,
      "type": "cue",
    },
  ],
  "expected": 1.001,
  "scale": "1.001",
}
 ✓ |webkit| tests/fluid-motion/s1-transform-regressions.browser.test.ts (6 tests) 14ms
 ✓ |firefox| tests/fluid-motion/overlay-motion.browser.test.ts (12 tests) 8670ms
   ✓ close then open are choreographed live on one timeline; completion exactly once each; no spring, copies or leases left  1035ms
   ✓ a refused close claims and completes nothing; a reopen during dismissal cancels the old obligation without dispatch  801ms
   ✓ W-C3: during choreographed open/close the primitive keeps focus, inertness and scroll-lock authority (visuals only are claimed)  1351ms
   ✓ C2 explicit entry: transition() prepares BEFORE the commit — a page source the commit removes is still captured and exits as a copy  367ms
   ✓ C2 epoch: a pending explicit plan applies only to its own epoch; a stale one is discarded (nothing acquired) and the default plan runs  363ms
   ✓ C5: a REFUSED explicit transition overlapping a running open leaves that run progressing untouched (same copy, leases, tracks, obligation)  1047ms
   ✓ C2 explicit open: the shared source is captured before the commit removes it; the flight departs from its pre-commit geometry  922ms
   ✓ destination-phase ambiguity is decided before any destination is suppressed (no acquire-then-rollback)  765ms
   ✓ U2 nested combined dismissal: one parent plan staggers the live child and the parent on one timeline; the child joins (no spring), both complete once; authority stays with the primitives  1084ms
   ✓ phase boundary (default plan): sources resolve at the claim, AFTER the accepted change rendered — a source the same action removed is diagnosed missingSource (no false pre-commit flight); the open still completes once  781ms
 ✓ |firefox| tests/fluid-motion/overlay-identity.browser.test.ts (6 tests) 17ms
stdout | tests/fluid-motion/s1-transform-regressions.browser.test.ts > review: outgoing slide retains the ancestor scale in viewport displacement
[review ancestor scale] {
  "actualDX": 22.716659545898438,
  "at": [
    333.28334045410156,
    240,
  ],
  "expectedDX": 22.72,
  "later": [
    356,
    240,
  ],
}
stdout | tests/fluid-motion/s1-transform-regressions.browser.test.ts > review: outgoing slide retains the ancestor rotation in viewport displacement
[review ancestor rotate] {
  "at": [
    380,
    166.63333129882812,
  ],
  "dx": 0,
  "dy": 11.366668701171875,
  "later": [
    380,
    178,
  ],
}
stdout | tests/fluid-motion/s1-transform-regressions.browser.test.ts > review: noncentral scale origin preserves its trajectory after removal
[review origin] {
  "at": {
    "bottom": 131.68333435058594,
    "height": 31.683334350585938,
    "left": 100,
    "right": 179.1999969482422,
    "top": 100,
    "width": 79.19999694824219,
    "x": 100,
    "y": 100,
  },
  "later": {
    "bottom": 126,
    "height": 26,
    "left": 100,
    "right": 165,
    "top": 100,
    "width": 65,
    "x": 100,
    "y": 100,
  },
}
stdout | tests/fluid-motion/s1-transform-regressions.browser.test.ts > review: successor scale resolves stylesheet stable value while older lease is live
[review stable fallback] {
  "diag": [
    {
      "continuity": "static",
      "participant": "x",
      "provider": "projection",
      "transaction": 1,
      "type": "representation",
    },
    {
      "cached": 0,
      "elements": 1,
      "outcome": "ready",
      "projected": 1,
      "readinessPending": 0,
      "slices": 1,
      "transaction": 1,
      "type": "preparation",
      "waitedMs": 0,
      "workMs": 0,
    },
    {
      "at": 0,
      "skipped": [],
      "transaction": 1,
      "type": "prepared",
    },
    {
      "t": 500,
      "transaction": 1,
      "type": "cue",
    },
    {
      "continuity": "static",
      "participant": "x",
      "provider": "projection",
      "transaction": 2,
      "type": "representation",
    },
    {
      "cached": 0,
      "elements": 1,
      "outcome": "ready",
      "projected": 1,
      "readinessPending": 0,
      "slices": 1,
      "transaction": 2,
      "type": "preparation",
      "waitedMs": 0,
      "workMs": 0,
    },
    {
      "participant": "*",
      "reason": "adoptedFromEarlierRun",
      "transaction": 2,
      "type": "unsupported",
    },
    {
      "at": 500,
      "skipped": [],
      "transaction": 2,
      "type": "prepared",
    },
    {
      "t": 500,
      "transaction": 2,
      "type": "cue",
    },
  ],
  "expected": 1.001,
  "scale": "1.001",
}
 ✓ |firefox| tests/fluid-motion/s1-transform-regressions.browser.test.ts (6 tests) 18ms
 ✓ |webkit| tests/fluid-motion/overlay-layers.browser.test.ts (3 tests) 452ms
 ✓ |chromium| tests/fluid-motion/overlay-layers.browser.test.ts (3 tests) 656ms
   ✓ an earlier layer (content z-51) paints below a later layer backdrop (z-50); closing the later layer restores it  391ms
stdout | tests/fluid-motion/s1-transform-native.browser.test.ts > review: actual native snapshot group follows outgoing slide and scale after commit
[review native motion] Mozilla/5.0 (Macintosh; Intel Mac OS X 10_15_7) AppleWebKit/605.1.15 (KHTML, like Gecko) Version/26.0 Safari/605.1.15 {
  "key": {
    "composite": "auto",
    "computedOffset": 0,
    "easing": "linear",
    "height": "70px",
    "offset": null,
    "opacity": "1",
    "transform": "translate(122.29595px, 29.713006px) scale(0.706086, 0.706086)",
    "transformOrigin": "0 0",
    "width": "140px",
  },
  "matrix": [
    0.706086,
    0.706086,
    122.29595184326172,
    29.71300506591797,
  ],
  "rect": {
    "bottom": 100.32159614562988,
    "height": 77.66944885253906,
    "left": 115.23509216308594,
    "right": 242.33055114746094,
    "top": 22.65214729309082,
    "width": 127.095458984375,
    "x": 115.23509216308594,
    "y": 22.65214729309082,
  },
  "scale": 0.7060858832465278,
}
 ✓ |webkit| tests/fluid-motion/s1-transform-native.browser.test.ts (1 test) 96ms
stdout | tests/fluid-motion/s1-transform-native.browser.test.ts > review: actual native snapshot group follows outgoing slide and scale after commit
[review native motion] Mozilla/5.0 (Macintosh; Intel Mac OS X 10_15_7) AppleWebKit/537.36 (KHTML, like Gecko) HeadlessChrome/141.0.7390.37 Safari/537.36 {
  "key": {
    "composite": "auto",
    "computedOffset": 0,
    "easing": "linear",
    "height": "70px",
    "offset": null,
    "opacity": "1",
    "transform": "translate(122.296px, 29.713px) scale(0.706086, 0.706086)",
    "transformOrigin": "0px 0px",
    "width": "140px",
  },
  "matrix": [
    0.7060859799385071,
    0.7060859799385071,
    122.2959976196289,
    29.71299934387207,
  ],
  "rect": {
    "bottom": 100.32159614562988,
    "height": 77.66944885253906,
    "left": 115.23509216308594,
    "right": 242.33056640625,
    "top": 22.65214729309082,
    "width": 127.09547424316406,
    "x": 115.23509216308594,
    "y": 22.65214729309082,
  },
  "scale": 0.7060859680175782,
}
 ✓ |chromium| tests/fluid-motion/s1-transform-native.browser.test.ts (1 test) 104ms
 ✓ |firefox| tests/fluid-motion/overlay-layers.browser.test.ts (3 tests) 445ms
stdout | tests/fluid-motion/s1-transform-native.browser.test.ts > review: actual native snapshot group follows outgoing slide and scale after commit
[review native availability] Mozilla/5.0 (Macintosh; Intel Mac OS X 10.15; rv:142.0) Gecko/20100101 Firefox/142.0 unavailable
 ✓ |firefox| tests/fluid-motion/s1-transform-native.browser.test.ts (1 test) 9ms
 ✓ |webkit| tests/fluid-motion/overlay-managed.browser.test.ts (1 test) 1000ms
   ✓ Escape on a managed modal: the accepted dismissal is choreographed by the default close plan; completion once  1000ms
 ✓ |chromium| tests/fluid-motion/overlay-managed.browser.test.ts (1 test) 1011ms
   ✓ Escape on a managed modal: the accepted dismissal is choreographed by the default close plan; completion once  1011ms
 ✓ |firefox| tests/fluid-motion/overlay-managed.browser.test.ts (1 test) 997ms
   ✓ Escape on a managed modal: the accepted dismissal is choreographed by the default close plan; completion once  997ms
 ✓ |webkit| tests/fluid-motion/overlay-scope.browser.test.ts (1 test) 1156ms
   ✓ a page-initialised participant used inside a Modal snippet registers in the modal instance scope; reopening is a new epoch  1156ms
 ✓ |chromium| tests/fluid-motion/overlay-scope.browser.test.ts (1 test) 1187ms
   ✓ a page-initialised participant used inside a Modal snippet registers in the modal instance scope; reopening is a new epoch  1187ms
Browserslist: browsers data (caniuse-lite) is 11 months old. Please run:
  npx update-browserslist-db@latest
  Why you should do it regularly: https://github.com/browserslist/update-db#readme
 ✓ |firefox| tests/fluid-motion/overlay-scope.browser.test.ts (1 test) 1178ms
   ✓ a page-initialised participant used inside a Modal snippet registers in the modal instance scope; reopening is a new epoch  1178ms
 ✓ |webkit| tests/fluid-motion/overlay-lightbox.browser.test.ts (1 test) 657ms
   ✓ ImageLightbox open and Escape close are choreographed by the default plans; no built-in animation; completion once each  656ms
 ✓ |chromium| tests/fluid-motion/overlay-lightbox.browser.test.ts (1 test) 673ms
   ✓ ImageLightbox open and Escape close are choreographed by the default plans; no built-in animation; completion once each  673ms
 ✓ |firefox| tests/fluid-motion/overlay-lightbox.browser.test.ts (1 test) 665ms
   ✓ ImageLightbox open and Escape close are choreographed by the default plans; no built-in animation; completion once each  665ms
 ✓ |webkit| tests/fluid-motion/overlay-command.browser.test.ts (1 test) 345ms
   ✓ Command open/close run through its default overlay plans  345ms
 ✓ |chromium| tests/fluid-motion/overlay-command.browser.test.ts (1 test) 379ms
   ✓ Command open/close run through its default overlay plans  379ms
 ✓ |firefox| tests/fluid-motion/overlay-command.browser.test.ts (1 test) 383ms
   ✓ Command open/close run through its default overlay plans  383ms

 Test Files  27 passed (27)
      Tests  96 passed (96)
   Start at  00:11:03
   Duration  15.05s (transform 0ms, setup 86ms, collect 1.72s, tests 37.83s, environment 0ms, prepare 254.21s)

