[baseline-browser-mapping] The data in this module is over two months old.  To ensure accurate Baseline data, please update: `npm i baseline-browser-mapping@latest -D`

 RUN  v4.0.7 /private/tmp/fluid-overlays-core-astra-review/packages/core

Port 63315 is in use, trying another one...
 ↓ |chromium| tests/fluid-motion/core-astra-public-probe.browser.test.ts (2 tests | 2 skipped)
 ↓ |webkit| tests/fluid-motion/core-astra-public-probe.browser.test.ts (2 tests | 2 skipped)
 ❯ |chromium| tests/fluid-motion/core-astra-probe.browser.test.ts (6 tests | 1 failed | 5 skipped) 133ms
   ↓ review: partial conflicting incoming opacity adopts displayed state
   ↓ review: partial conflicting shared flight adopts displayed geometry
   ↓ review: whole-run handoff preserves a scoped shared participant
   ↓ review: partially yielded shared driver is disposed once
   ↓ review: an ambiguous route destination does not cancel an unrelated earlier node animation
   × review: rotated outgoing scale preserves a noncentral transform origin after removal 133ms
 ❯ |webkit| tests/fluid-motion/core-astra-probe.browser.test.ts (6 tests | 1 failed | 5 skipped) 73ms
   ↓ review: partial conflicting incoming opacity adopts displayed state
   ↓ review: partial conflicting shared flight adopts displayed geometry
   ↓ review: whole-run handoff preserves a scoped shared participant
   ↓ review: partially yielded shared driver is disposed once
   ↓ review: an ambiguous route destination does not cancel an unrelated earlier node animation
   × review: rotated outgoing scale preserves a noncentral transform origin after removal 72ms
 ↓ |firefox| tests/fluid-motion/core-astra-public-probe.browser.test.ts (2 tests | 2 skipped)
 ❯ |firefox| tests/fluid-motion/core-astra-probe.browser.test.ts (6 tests | 1 failed | 5 skipped) 62ms
   ↓ review: partial conflicting incoming opacity adopts displayed state
   ↓ review: partial conflicting shared flight adopts displayed geometry
   ↓ review: whole-run handoff preserves a scoped shared participant
   ↓ review: partially yielded shared driver is disposed once
   ↓ review: an ambiguous route destination does not cancel an unrelated earlier node animation
   × review: rotated outgoing scale preserves a noncentral transform origin after removal 62ms

⎯⎯⎯⎯⎯⎯⎯ Failed Tests 3 ⎯⎯⎯⎯⎯⎯⎯

 FAIL  |chromium| tests/fluid-motion/core-astra-probe.browser.test.ts > review: rotated outgoing scale preserves a noncentral transform origin after removal
AssertionError: copy=91.99481201171875, real=87: expected 91.99481201171875 to be close to 87, received difference is 4.99481201171875, but expected 0.05

Failure screenshot:
  - tests/fluid-motion/__screenshots__/core-astra-probe.browser.test.ts/review--rotated-outgoing-scale-preserves-a-noncentral-transform-origin-after-removal-1.png

 ❯ tests/fluid-motion/core-astra-probe.browser.test.ts:89:57


⎯⎯⎯⎯⎯⎯⎯⎯⎯⎯⎯⎯⎯⎯⎯⎯⎯⎯⎯⎯⎯⎯⎯⎯[1/3]⎯

 FAIL  |firefox| tests/fluid-motion/core-astra-probe.browser.test.ts > review: rotated outgoing scale preserves a noncentral transform origin after removal
AssertionError: copy=92, real=87: expected 92 to be close to 87, received difference is 5, but expected 0.05

Failure screenshot:
  - tests/fluid-motion/__screenshots__/core-astra-probe.browser.test.ts/review--rotated-outgoing-scale-preserves-a-noncentral-transform-origin-after-removal-1.png

 ❯ tests/fluid-motion/core-astra-probe.browser.test.ts:89:57


⎯⎯⎯⎯⎯⎯⎯⎯⎯⎯⎯⎯⎯⎯⎯⎯⎯⎯⎯⎯⎯⎯⎯⎯[2/3]⎯

 FAIL  |webkit| tests/fluid-motion/core-astra-probe.browser.test.ts > review: rotated outgoing scale preserves a noncentral transform origin after removal
AssertionError: copy=91.99481201171875, real=87: expected 91.99481201171875 to be close to 87, received difference is 4.99481201171875, but expected 0.05

Failure screenshot:
  - tests/fluid-motion/__screenshots__/core-astra-probe.browser.test.ts/review--rotated-outgoing-scale-preserves-a-noncentral-transform-origin-after-removal-1.png

 ❯ tests/fluid-motion/core-astra-probe.browser.test.ts:89:69


⎯⎯⎯⎯⎯⎯⎯⎯⎯⎯⎯⎯⎯⎯⎯⎯⎯⎯⎯⎯⎯⎯⎯⎯[3/3]⎯


 Test Files  3 failed | 3 skipped (6)
      Tests  3 failed | 21 skipped (24)
   Start at  00:13:39
   Duration  1.78s (transform 0ms, setup 83ms, collect 1.17s, tests 268ms, environment 0ms, prepare 587ms)

