
> test
> vitest run readme-examples/core/animation-review.test.ts

8:30:20 AM [vite-plugin-svelte] no Svelte config found at /private/var/folders/cs/gxnq5drx17bc0k8y0n7132tw0000gn/T/composable-consumer-UjLrqF/app - using default configuration.

 RUN  v4.0.7 /private/var/folders/cs/gxnq5drx17bc0k8y0n7132tw0000gn/T/composable-consumer-UjLrqF/app

 ❯ readme-examples/core/animation-review.test.ts (1 test | 1 failed) 29ms
   × documented lifecycle, guard and timeout 29ms

⎯⎯⎯⎯⎯⎯⎯ Failed Tests 1 ⎯⎯⎯⎯⎯⎯⎯

 FAIL  readme-examples/core/animation-review.test.ts > documented lifecycle, guard and timeout
AssertionError: expected 'dismissing' to be 'idle' // Object.is equality

Expected: "idle"
Received: "dismissing"

 ❯ readme-examples/core/animation-review.test.ts:56:37
     54| await store.send({ type: 'closeModal' }, (state) => {
     55|   // State unchanged (guard blocked it)
     56|   expect(state.presentation.status).toBe('idle');
       |                                     ^
     57| });
     58| 
 ❯ TestStore.send node_modules/@composable-svelte/core/dist/test/test-store.js:321:19
 ❯ readme-examples/core/animation-review.test.ts:54:1

⎯⎯⎯⎯⎯⎯⎯⎯⎯⎯⎯⎯⎯⎯⎯⎯⎯⎯⎯⎯⎯⎯⎯⎯[1/1]⎯


 Test Files  1 failed (1)
      Tests  1 failed (1)
   Start at  08:30:20
   Duration  829ms (transform 561ms, setup 0ms, collect 732ms, tests 29ms, environment 0ms, prepare 2ms)

