Consumer verification: /var/folders/cs/gxnq5drx17bc0k8y0n7132tw0000gn/T/composable-consumer-5skpgl
composable-svelte-core-0.12.2.tgz
composable-svelte-auth-0.2.1.tgz
composable-svelte-charts-0.2.1.tgz
composable-svelte-chat-0.4.1.tgz
composable-svelte-code-0.4.1.tgz
composable-svelte-graphics-0.2.1.tgz
composable-svelte-maps-0.2.1.tgz
composable-svelte-media-0.4.1.tgz

added 179 packages in 3s

> check
> svelte-check --tsconfig ./tsconfig.json --fail-on-warnings

Loading svelte-check in workspace: /private/var/folders/cs/gxnq5drx17bc0k8y0n7132tw0000gn/T/composable-consumer-5skpgl/starter
Getting Svelte diagnostics...

svelte-check found 0 errors and 0 warnings

> test
> vitest run

1:35:16 PM [vite-plugin-svelte] no Svelte config found at /private/var/folders/cs/gxnq5drx17bc0k8y0n7132tw0000gn/T/composable-consumer-5skpgl/starter - using default configuration.

 RUN  v4.0.7 /private/var/folders/cs/gxnq5drx17bc0k8y0n7132tw0000gn/T/composable-consumer-5skpgl/starter

 ✓ tests/counter.test.ts (2 tests) 2ms

 Test Files  1 passed (1)
      Tests  2 passed (2)
   Start at  13:35:16
   Duration  864ms (transform 606ms, setup 0ms, collect 791ms, tests 2ms, environment 0ms, prepare 2ms)


> test:ssr
> node scripts/ssr.mjs

1:35:17 PM [vite-plugin-svelte] no Svelte config found at /private/var/folders/cs/gxnq5drx17bc0k8y0n7132tw0000gn/T/composable-consumer-5skpgl/starter - using default configuration.
1:35:17 PM [vite] (client) Forced re-optimization of dependencies
SSR smoke renders the expected initial state

> test:browser
> playwright test

[2m[WebServer] [22m(node:87754) Warning: The 'NO_COLOR' env is ignored due to the 'FORCE_COLOR' env being set.
[2m[WebServer] [22m(Use `node --trace-warnings ...` to show where the warning was created)
[2m[WebServer] [22m[plugin vite:resolve] Module "node:async_hooks" has been externalized for browser compatibility, imported by "/private/var/folders/cs/gxnq5drx17bc0k8y0n7132tw0000gn/T/composable-consumer-5skpgl/starter/node_modules/svelte/src/internal/server/render-context.js". See https://vite.dev/guide/troubleshooting.html#module-externalized-for-browser-compatibility for more details.
[2m[WebServer] [22m(node:87808) Warning: The 'NO_COLOR' env is ignored due to the 'FORCE_COLOR' env being set.
[2m[WebServer] [22m(Use `node --trace-warnings ...` to show where the warning was created)
[2m[WebServer] [22m(node:87839) Warning: The 'NO_COLOR' env is ignored due to the 'FORCE_COLOR' env being set.
[2m[WebServer] [22m(Use `node --trace-warnings ...` to show where the warning was created)

Running 1 test using 1 worker

(node:87841) Warning: The 'NO_COLOR' env is ignored due to the 'FORCE_COLOR' env being set.
(Use `node --trace-warnings ...` to show where the warning was created)
(node:87841) Warning: The 'NO_COLOR' env is ignored due to the 'FORCE_COLOR' env being set.
(Use `node --trace-warnings ...` to show where the warning was created)
  ✓  1 browser/app.spec.ts:2:1 › state, effects and both themes work in the production build (193ms)

  1 passed (3.5s)
Standalone core starter passed without satellite packages
49 packed documents, 187 relative links, 23 README/guide files verified

added 428 packages in 4s

> check
> svelte-check --tsconfig ./tsconfig.json --fail-on-warnings

Loading svelte-check in workspace: /private/var/folders/cs/gxnq5drx17bc0k8y0n7132tw0000gn/T/composable-consumer-5skpgl/app
Getting Svelte diagnostics...

svelte-check found 0 errors and 0 warnings
49 typed entry points passed Bundler and NodeNext resolution

> test
> vitest run

1:35:30 PM [vite-plugin-svelte] no Svelte config found at /private/var/folders/cs/gxnq5drx17bc0k8y0n7132tw0000gn/T/composable-consumer-5skpgl/app - using default configuration.

 RUN  v4.0.7 /private/var/folders/cs/gxnq5drx17bc0k8y0n7132tw0000gn/T/composable-consumer-5skpgl/app

 ✓ tests/counter.test.ts (2 tests) 2ms
 ✓ readme-examples/core/navigation.test.ts (4 tests) 3ms
 ✓ readme-examples/core/animation.test.ts (3 tests) 57ms
 ✓ readme-examples/media/media.test.ts (1 test) 2ms
 ✓ readme-examples/chat/chat.test.ts (1 test) 3ms
 ✓ readme-examples/charts/charts.test.ts (1 test) 2ms
 ✓ readme-examples/code/code.test.ts (1 test) 2ms
 ✓ readme-examples/graphics/graphics.test.ts (1 test) 2ms

 Test Files  8 passed (8)
      Tests  14 passed (14)
   Start at  13:35:30
   Duration  1.88s (transform 6.80s, setup 0ms, collect 11.03s, tests 75ms, environment 0ms, prepare 18ms)


> test:ssr
> node scripts/ssr.mjs

1:35:33 PM [vite-plugin-svelte] no Svelte config found at /private/var/folders/cs/gxnq5drx17bc0k8y0n7132tw0000gn/T/composable-consumer-5skpgl/app - using default configuration.
1:35:33 PM [vite] (client) Forced re-optimization of dependencies
SSR smoke renders the expected initial state

> test:browser
> playwright test

[2m[WebServer] [22m(node:88410) Warning: The 'NO_COLOR' env is ignored due to the 'FORCE_COLOR' env being set.
[2m[WebServer] [22m(Use `node --trace-warnings ...` to show where the warning was created)
[2m[WebServer] [22m[plugin vite:resolve] Module "node:async_hooks" has been externalized for browser compatibility, imported by "/private/var/folders/cs/gxnq5drx17bc0k8y0n7132tw0000gn/T/composable-consumer-5skpgl/app/node_modules/svelte/src/internal/server/render-context.js". See https://vite.dev/guide/troubleshooting.html#module-externalized-for-browser-compatibility for more details.
[2m[WebServer] [22mnode_modules/zod/v4/core/regexes.js (74:0): A comment
[2m[WebServer] [22m
[2m[WebServer] [22m"/** Anchors a pattern source. The interpolation lives here rather than at the call site because
[2m[WebServer] [22m * esbuild will not drop a `@__PURE__` call whose own argument interpolates a variable, but it
[2m[WebServer] [22m * will drop `anchor(dateSource)`. Keeping it inline pinned `date` into every bundle. */"
[2m[WebServer] [22m
[2m[WebServer] [22min "node_modules/zod/v4/core/regexes.js" contains an annotation that Rollup cannot interpret due to the position of the comment. The comment will be removed to avoid issues.
[2m[WebServer] [22mnode_modules/zod/v4/core/util.js (400:0): A comment
[2m[WebServer] [22m
[2m[WebServer] [22m"// Wrapped in a `@__PURE__` IIFE: esbuild never tree-shakes a top-level initializer that contains a member access on `Number`, so the bare object literal survived into every bundle."
[2m[WebServer] [22m
[2m[WebServer] [22min "node_modules/zod/v4/core/util.js" contains an annotation that Rollup cannot interpret due to the position of the comment. The comment will be removed to avoid issues.
[2m[WebServer] [22m
[2m[WebServer] [22m(!) Some chunks are larger than 500 kB after minification. Consider:
[2m[WebServer] [22m- Using dynamic import() to code-split the application
[2m[WebServer] [22m- Use build.rollupOptions.output.manualChunks to improve chunking: https://rollupjs.org/configuration-options/#output-manualchunks
[2m[WebServer] [22m- Adjust chunk size limit for this warning via build.chunkSizeWarningLimit.
[2m[WebServer] [22m(node:88514) Warning: The 'NO_COLOR' env is ignored due to the 'FORCE_COLOR' env being set.
[2m[WebServer] [22m(Use `node --trace-warnings ...` to show where the warning was created)
[2m[WebServer] [22m(node:88545) Warning: The 'NO_COLOR' env is ignored due to the 'FORCE_COLOR' env being set.
[2m[WebServer] [22m(Use `node --trace-warnings ...` to show where the warning was created)

Running 2 tests using 2 workers

(node:88610) Warning: The 'NO_COLOR' env is ignored due to the 'FORCE_COLOR' env being set.
(Use `node --trace-warnings ...` to show where the warning was created)
(node:88611) Warning: The 'NO_COLOR' env is ignored due to the 'FORCE_COLOR' env being set.
(Use `node --trace-warnings ...` to show where the warning was created)
(node:88610) Warning: The 'NO_COLOR' env is ignored due to the 'FORCE_COLOR' env being set.
(Use `node --trace-warnings ...` to show where the warning was created)
(node:88611) Warning: The 'NO_COLOR' env is ignored due to the 'FORCE_COLOR' env being set.
(Use `node --trace-warnings ...` to show where the warning was created)
  ✓  2 browser/packages.spec.ts:2:1 › installed satellite examples render and accept input (341ms)
  ✓  1 browser/app.spec.ts:2:1 › state, effects and both themes work in the production build (345ms)

  2 passed (5.7s)
Positive control rejected: missing core store export
Positive control rejected: obsolete editor option
Positive control rejected: obsolete map provider
Positive control rejected: wrong effect action
Positive control rejected: node canvas array state
Positive control rejected: missing node action lifting
Positive control rejected: obsolete audio factory option
Positive control rejected: double-wrapped dismiss
Positive control rejected: missing animation guard
Positive control rejected: missing timeout fallback
Positive control rejected: missing packaged guide
Positive control rejected: placeholder documentation link

> test:browser
> playwright test

[2m[WebServer] [22m(node:89373) Warning: The 'NO_COLOR' env is ignored due to the 'FORCE_COLOR' env being set.
[2m[WebServer] [22m(Use `node --trace-warnings ...` to show where the warning was created)
[2m[WebServer] [22m[plugin vite:resolve] Module "node:async_hooks" has been externalized for browser compatibility, imported by "/private/var/folders/cs/gxnq5drx17bc0k8y0n7132tw0000gn/T/composable-consumer-5skpgl/app/node_modules/svelte/src/internal/server/render-context.js". See https://vite.dev/guide/troubleshooting.html#module-externalized-for-browser-compatibility for more details.
[2m[WebServer] [22mnode_modules/zod/v4/core/util.js (400:0): A comment
[2m[WebServer] [22m
[2m[WebServer] [22m"// Wrapped in a `@__PURE__` IIFE: esbuild never tree-shakes a top-level initializer that contains a member access on `Number`, so the bare object literal survived into every bundle."
[2m[WebServer] [22m
[2m[WebServer] [22min "node_modules/zod/v4/core/util.js" contains an annotation that Rollup cannot interpret due to the position of the comment. The comment will be removed to avoid issues.
[2m[WebServer] [22mnode_modules/zod/v4/core/regexes.js (74:0): A comment
[2m[WebServer] [22m
[2m[WebServer] [22m"/** Anchors a pattern source. The interpolation lives here rather than at the call site because
[2m[WebServer] [22m * esbuild will not drop a `@__PURE__` call whose own argument interpolates a variable, but it
[2m[WebServer] [22m * will drop `anchor(dateSource)`. Keeping it inline pinned `date` into every bundle. */"
[2m[WebServer] [22m
[2m[WebServer] [22min "node_modules/zod/v4/core/regexes.js" contains an annotation that Rollup cannot interpret due to the position of the comment. The comment will be removed to avoid issues.
[2m[WebServer] [22m
[2m[WebServer] [22m(!) Some chunks are larger than 500 kB after minification. Consider:
[2m[WebServer] [22m- Using dynamic import() to code-split the application
[2m[WebServer] [22m- Use build.rollupOptions.output.manualChunks to improve chunking: https://rollupjs.org/configuration-options/#output-manualchunks
[2m[WebServer] [22m- Adjust chunk size limit for this warning via build.chunkSizeWarningLimit.
[2m[WebServer] [22m(node:89533) Warning: The 'NO_COLOR' env is ignored due to the 'FORCE_COLOR' env being set.
[2m[WebServer] [22m(Use `node --trace-warnings ...` to show where the warning was created)
[2m[WebServer] [22m(node:89564) Warning: The 'NO_COLOR' env is ignored due to the 'FORCE_COLOR' env being set.
[2m[WebServer] [22m(Use `node --trace-warnings ...` to show where the warning was created)

Running 2 tests using 2 workers

(node:89567) Warning: The 'NO_COLOR' env is ignored due to the 'FORCE_COLOR' env being set.
(Use `node --trace-warnings ...` to show where the warning was created)
(node:89566) Warning: The 'NO_COLOR' env is ignored due to the 'FORCE_COLOR' env being set.
(Use `node --trace-warnings ...` to show where the warning was created)
(node:89566) Warning: The 'NO_COLOR' env is ignored due to the 'FORCE_COLOR' env being set.
(Use `node --trace-warnings ...` to show where the warning was created)
(node:89567) Warning: The 'NO_COLOR' env is ignored due to the 'FORCE_COLOR' env being set.
(Use `node --trace-warnings ...` to show where the warning was created)
  ✓  2 browser/packages.spec.ts:2:1 › installed satellite examples render and accept input (329ms)
  ✓  1 browser/app.spec.ts:2:1 › state, effects and both themes work in the production build (339ms)

  2 passed (6.7s)
Tailwind 3 production browser check passed
Consumer verification passed. Reproduction files retained at /var/folders/cs/gxnq5drx17bc0k8y0n7132tw0000gn/T/composable-consumer-5skpgl/app
