
 RUN  v4.0.7 /private/tmp/fluid-overlays-core-build10-review/packages/core

[baseline-browser-mapping] The data in this module is over two months old.  To ensure accurate Baseline data, please update: `npm i baseline-browser-mapping@latest -D`
Port 63315 is in use, trying another one...
 ↓ |chromium| tests/fluid-motion/core-astra-probe.browser.test.ts (6 tests | 6 skipped)
 ↓ |chromium| tests/fluid-motion/core-astra-correction.browser.test.ts (4 tests | 4 skipped)
 ↓ |webkit| tests/fluid-motion/core-astra-probe.browser.test.ts (6 tests | 6 skipped)
stdout | tests/fluid-motion/core-astra-unused-handoff.browser.test.ts > final cleanup: a reduced route successor discards every handed transform lease
[astra-discard] {"translate":"","scale":"","leases":0}
 ✓ |chromium| tests/fluid-motion/core-astra-unused-handoff.browser.test.ts (2 tests) 13ms
 ↓ |webkit| tests/fluid-motion/core-astra-correction.browser.test.ts (4 tests | 4 skipped)
 ↓ |chromium| tests/fluid-motion/core-astra-public-probe.browser.test.ts (2 tests | 2 skipped)
stdout | tests/fluid-motion/core-astra-unused-handoff.browser.test.ts > final cleanup: a reduced route successor discards every handed transform lease
[astra-discard] {"translate":"","scale":"","leases":0}
 ✓ |webkit| tests/fluid-motion/core-astra-unused-handoff.browser.test.ts (2 tests) 20ms
stdout | tests/fluid-motion/core-astra-final-boundary.browser.test.ts > final boundary: whole-run successor preserves active slide and scale
[astra-whole-transform] {"oldPose":{"translate":"40px 20px","scale":"0.8"},"newPose":{"translate":"40px 20px","scale":"0.8"},"before":{"x":150,"y":124,"width":80,"height":32,"top":124,"right":230,"bottom":156,"left":150},"after":{"x":150,"y":124,"width":80,"height":32,"top":124,"right":230,"bottom":156,"left":150}}
 ✓ |chromium| tests/fluid-motion/core-astra-final-boundary.browser.test.ts (1 test) 4ms
 ↓ |chromium| tests/fluid-motion/core-astra-c2-public.browser.test.ts (2 tests | 2 skipped)
 ↓ |webkit| tests/fluid-motion/core-astra-public-probe.browser.test.ts (2 tests | 2 skipped)
stdout | tests/fluid-motion/core-astra-final-boundary.browser.test.ts > final boundary: whole-run successor preserves active slide and scale
[astra-whole-transform] {"oldPose":{"translate":"40px 20px","scale":"0.8"},"newPose":{"translate":"40px 20px","scale":"0.8"},"before":{"x":150,"y":124,"width":80,"height":32,"top":124,"right":230,"bottom":156,"left":150},"after":{"x":150,"y":124,"width":80,"height":32,"top":124,"right":230,"bottom":156,"left":150}}
 ✓ |webkit| tests/fluid-motion/core-astra-final-boundary.browser.test.ts (1 test) 7ms
 ↓ |webkit| tests/fluid-motion/core-astra-c2-public.browser.test.ts (2 tests | 2 skipped)
 ↓ |firefox| tests/fluid-motion/core-astra-probe.browser.test.ts (6 tests | 6 skipped)
 ↓ |firefox| tests/fluid-motion/core-astra-correction.browser.test.ts (4 tests | 4 skipped)
stdout | tests/fluid-motion/core-astra-unused-handoff.browser.test.ts > final cleanup: a reduced route successor discards every handed transform lease
[astra-discard] {"translate":"","scale":"","leases":0}
 ✓ |firefox| tests/fluid-motion/core-astra-unused-handoff.browser.test.ts (2 tests) 8ms
 ↓ |firefox| tests/fluid-motion/core-astra-public-probe.browser.test.ts (2 tests | 2 skipped)
stdout | tests/fluid-motion/core-astra-final-boundary.browser.test.ts > final boundary: whole-run successor preserves active slide and scale
[astra-whole-transform] {"oldPose":{"translate":"40px 20px","scale":"0.8"},"newPose":{"translate":"40px 20px","scale":"0.8"},"before":{"x":150,"y":124,"width":80,"height":32,"top":124,"right":230,"bottom":156,"left":150},"after":{"x":150,"y":124,"width":80,"height":32,"top":124,"right":230,"bottom":156,"left":150}}
 ✓ |firefox| tests/fluid-motion/core-astra-final-boundary.browser.test.ts (1 test) 5ms
 ↓ |firefox| tests/fluid-motion/core-astra-c2-public.browser.test.ts (2 tests | 2 skipped)

 Test Files  6 passed | 12 skipped (18)
      Tests  9 passed | 42 skipped (51)
   Start at  20:46:12
   Duration  3.30s (transform 0ms, setup 181ms, collect 1.65s, tests 57ms, environment 0ms, prepare 13.30s)

